#-----------------------------------------------------------
# Vivado v2026.1 (64-bit)
# SW Build 6511674 on Tue Jun 16 11:01:26 MDT 2026
# IP Build 6504888 on Tue Jun 09 09:05:25 MDT 2026
# SharedData Build 6501428 on Mon Jun 08 17:34:18 MDT 2026
# Start of session at: Fri Jul 10 10:26:49 2026
# Process ID         : 37856
# Current directory  : /home/user/Desktop/Personal_Stuff/Homework/an4/PRACTICA_CAPGEMINI/vga_ctrl/vga_ctrl.runs/vga_ctrl_block_clk_wiz_0_0_synth_1
# Command line       : vivado -log vga_ctrl_block_clk_wiz_0_0.vds -product Vivado -mode batch -messageDb vivado.pb -notrace -source vga_ctrl_block_clk_wiz_0_0.tcl
# Log file           : /home/user/Desktop/Personal_Stuff/Homework/an4/PRACTICA_CAPGEMINI/vga_ctrl/vga_ctrl.runs/vga_ctrl_block_clk_wiz_0_0_synth_1/vga_ctrl_block_clk_wiz_0_0.vds
# Journal file       : /home/user/Desktop/Personal_Stuff/Homework/an4/PRACTICA_CAPGEMINI/vga_ctrl/vga_ctrl.runs/vga_ctrl_block_clk_wiz_0_0_synth_1/vivado.jou
# Running On         : nemesiseanu
# Platform           : Linuxmint
# Operating System   : Linux Mint 22.3
# Processor Detail   : Intel(R) Core(TM) i7-10750H CPU @ 2.60GHz
# CPU Frequency      : 4451.012 MHz
# CPU Physical cores : 6
# CPU Logical cores  : 12
# Host memory        : 16670 MB
# Swap memory        : 4294 MB
# Total Virtual      : 20965 MB
# Available Virtual  : 14713 MB
#-----------------------------------------------------------
source vga_ctrl_block_clk_wiz_0_0.tcl -notrace
