Copyright 1986-2022 Xilinx, Inc. All Rights Reserved. Copyright 2022-2026 Advanced Micro Devices, Inc. All Rights Reserved.
---------------------------------------------------------------------------------------------------------------------------------------------
| Tool Version : Vivado v.2026.1 (lin64) Build 6511674 Tue Jun 16 11:01:26 MDT 2026
| Date         : Thu Jul 23 19:39:56 2026
| Host         : nemesiseanu running 64-bit Linux Mint 22.3
| Command      : report_control_sets -verbose -file vga_top_control_sets_placed.rpt
| Design       : vga_top
| Device       : xc7a35ti
---------------------------------------------------------------------------------------------------------------------------------------------

Control Set Information

Table of Contents
-----------------
1. Summary
2. Histogram
3. Flip-Flop Distribution
4. Detailed Control Set Information

1. Summary
----------

+----------------------------------------------------------+-------+
|                          Status                          | Count |
+----------------------------------------------------------+-------+
| Total control sets                                       |    22 |
|    Minimum number of control sets                        |    22 |
|    Addition due to synthesis replication                 |     0 |
|    Addition due to physical synthesis replication        |     0 |
| Unused register locations in slices containing registers |    87 |
+----------------------------------------------------------+-------+
* Control sets can be merged at opt_design using control_set_merge or merge_equivalent_drivers
** Run report_qor_suggestions for automated merging and remapping suggestions


2. Histogram
------------

+--------------------+-------+
|       Fanout       | Count |
+--------------------+-------+
| Total control sets |    22 |
| >= 0 to < 4        |     0 |
| >= 4 to < 6        |     2 |
| >= 6 to < 8        |     1 |
| >= 8 to < 10       |     7 |
| >= 10 to < 12      |     1 |
| >= 12 to < 14      |     0 |
| >= 14 to < 16      |     0 |
| >= 16              |    11 |
+--------------------+-------+
* Control sets can be remapped at either synth_design or opt_design


3. Flip-Flop Distribution
-------------------------

+--------------+-----------------------+------------------------+-----------------+--------------+
| Clock Enable | Synchronous Set/Reset | Asynchronous Set/Reset | Total Registers | Total Slices |
+--------------+-----------------------+------------------------+-----------------+--------------+
| No           | No                    | No                     |               7 |            5 |
| No           | No                    | Yes                    |             104 |           40 |
| No           | Yes                   | No                     |               0 |            0 |
| Yes          | No                    | No                     |               0 |            0 |
| Yes          | No                    | Yes                    |             506 |          164 |
| Yes          | Yes                   | No                     |               0 |            0 |
+--------------+-----------------------+------------------------+-----------------+--------------+


4. Detailed Control Set Information
-----------------------------------

+--------------------------------------------------------------------+-----------------------------------------------------------------------+------------------+------------------+----------------+--------------+
|                            Clock Signal                            |                             Enable Signal                             | Set/Reset Signal | Slice Load Count | Bel Load Count | Bels / Slice |
+--------------------------------------------------------------------+-----------------------------------------------------------------------+------------------+------------------+----------------+--------------+
|  vga_ctrl_block_wrapper_i/vga_ctrl_block_i/clk_wiz_0/inst/clk_out1 | shape_renderer_i/E[0]                                                 | rst_led_OBUF     |                1 |              4 |         4.00 |
|  vga_ctrl_block_wrapper_i/vga_ctrl_block_i/clk_wiz_0/inst/clk_out1 | u_fps_counter/count_t[3]_i_1_n_0                                      | rst_led_OBUF     |                1 |              4 |         4.00 |
|  vga_ctrl_block_wrapper_i/vga_ctrl_block_i/clk_wiz_0/inst/clk_out1 |                                                                       |                  |                5 |              7 |         1.40 |
|  vga_ctrl_block_wrapper_i/vga_ctrl_block_i/clk_wiz_0/inst/clk_out1 | triangle_controller_i/y0[7]_i_1_n_0                                   | rst_led_OBUF     |                3 |              8 |         2.67 |
|  vga_ctrl_block_wrapper_i/vga_ctrl_block_i/clk_wiz_0/inst/clk_out1 | triangle_controller_i/y1[7]_i_1_n_0                                   | rst_led_OBUF     |                3 |              8 |         2.67 |
|  vga_ctrl_block_wrapper_i/vga_ctrl_block_i/clk_wiz_0/inst/clk_out1 | triangle_controller_i/y2[7]_i_1_n_0                                   | rst_led_OBUF     |                3 |              8 |         2.67 |
|  vga_ctrl_block_wrapper_i/vga_ctrl_block_i/clk_wiz_0/inst/clk_out1 | u_fps_counter/sec_tick                                                | rst_led_OBUF     |                2 |              8 |         4.00 |
|  vga_ctrl_block_wrapper_i/vga_ctrl_block_i/clk_wiz_0/inst/clk_out1 | triangle_controller_i/x0[8]_i_1_n_0                                   | rst_led_OBUF     |                3 |              9 |         3.00 |
|  vga_ctrl_block_wrapper_i/vga_ctrl_block_i/clk_wiz_0/inst/clk_out1 | triangle_controller_i/x1[8]_i_1_n_0                                   | rst_led_OBUF     |                3 |              9 |         3.00 |
|  vga_ctrl_block_wrapper_i/vga_ctrl_block_i/clk_wiz_0/inst/clk_out1 | triangle_controller_i/x2[8]_i_1_n_0                                   | rst_led_OBUF     |                3 |              9 |         3.00 |
|  vga_ctrl_block_wrapper_i/vga_ctrl_block_i/clk_wiz_0/inst/clk_out1 | vga_driver_i/v_cnt[0]                                                 | rst_led_OBUF     |                4 |             10 |         2.50 |
|  vga_ctrl_block_wrapper_i/vga_ctrl_block_i/clk_wiz_0/inst/clk_out1 | shape_renderer_i/u_fb/u_fb0/state0                                    | rst_led_OBUF     |                5 |             17 |         3.40 |
|  vga_ctrl_block_wrapper_i/vga_ctrl_block_i/clk_wiz_0/inst/clk_out1 | shape_renderer_i/u_rasterizer/fb_x[8]_i_1_n_0                         | rst_led_OBUF     |                6 |             17 |         2.83 |
|  vga_ctrl_block_wrapper_i/vga_ctrl_block_i/clk_wiz_0/inst/clk_out1 | shape_renderer_i/u_fb/u_fb1/state_i_1__0_n_0                          | rst_led_OBUF     |                5 |             17 |         3.40 |
|  vga_ctrl_block_wrapper_i/vga_ctrl_block_i/clk_wiz_0/inst/clk_out1 | shape_renderer_i/u_rasterizer/setup_unit/FSM_onehot_state_reg[1]_0[0] | rst_led_OBUF     |               12 |             26 |         2.17 |
|  vga_ctrl_block_wrapper_i/vga_ctrl_block_i/clk_wiz_0/inst/clk_out1 | shape_renderer_i/u_rasterizer/setup_unit/FSM_onehot_state[4]_i_1_n_0  | rst_led_OBUF     |               13 |             42 |         3.23 |
|  vga_ctrl_block_wrapper_i/vga_ctrl_block_i/clk_wiz_0/inst/clk_out1 | shape_renderer_i/u_rasterizer/setup_unit/E1_out[22]_i_1_n_0           | rst_led_OBUF     |               15 |             42 |         2.80 |
|  vga_ctrl_block_wrapper_i/vga_ctrl_block_i/clk_wiz_0/inst/clk_out1 | shape_renderer_i/u_rasterizer/setup_unit/E0_out[22]_i_1_n_0           | rst_led_OBUF     |               12 |             42 |         3.50 |
|  vga_ctrl_block_wrapper_i/vga_ctrl_block_i/clk_wiz_0/inst/clk_out1 | shape_renderer_i/u_rasterizer/setup_unit/r_px[0]                      | rst_led_OBUF     |               20 |             68 |         3.40 |
|  vga_ctrl_block_wrapper_i/vga_ctrl_block_i/clk_wiz_0/inst/clk_out1 | shape_renderer_i/u_rasterizer/setup_unit/E[0]                         | rst_led_OBUF     |               24 |             79 |         3.29 |
|  vga_ctrl_block_wrapper_i/vga_ctrl_block_i/clk_wiz_0/inst/clk_out1 | shape_renderer_i/u_rasterizer/cur_x[9]_i_1_n_0                        | rst_led_OBUF     |               26 |             79 |         3.04 |
|  vga_ctrl_block_wrapper_i/vga_ctrl_block_i/clk_wiz_0/inst/clk_out1 |                                                                       | rst_led_OBUF     |               40 |            104 |         2.60 |
+--------------------------------------------------------------------+-----------------------------------------------------------------------+------------------+------------------+----------------+--------------+


